Infos: [0] = 	Removing reference to 'NullGuard.dll'.
