.class private auto ansi beforefieldinit NonPublicWithNested
       extends [mscorlib]System.Object
{
  .class auto ansi nested public beforefieldinit PublicNestedClass
         extends [mscorlib]System.Object
  {
    .method public hidebysig instance string 
            MethodReturnsNull() cil managed
    {
      // Code size       2 (0x2)
      .maxstack  8
      .language '{3F5162F8-07C6-11D3-9053-00C04FA302A1}', '{994B45C4-E6E9-11D2-903F-00C04FA302A1}', '{5A869D0B-6611-11D3-BD2A-0000F80849BD}'
//000007:             return null;
      IL_0000:  ldnull
      IL_0001:  ret
    } // end of method PublicNestedClass::MethodReturnsNull
    .method public hidebysig specialname rtspecialname 
            instance void  .ctor() cil managed
    {
      // Code size       7 (0x7)
      .maxstack  8
      IL_0000:  ldarg.0
      IL_0001:  call       instance void [mscorlib]System.Object::.ctor()
      IL_0006:  ret
    } // end of method PublicNestedClass::.ctor
  } 
  .method public hidebysig specialname rtspecialname 
          instance void  .ctor() cil managed
  {
    // Code size       7 (0x7)
    .maxstack  8
    IL_0000:  ldarg.0
    IL_0001:  call       instance void [mscorlib]System.Object::.ctor()
    IL_0006:  ret
  } 
}
