.class public auto ansi beforefieldinit SimpleClass
       extends [mscorlib]System.Object
{
  .field public string Field1
  .field private string '<NonNullProperty>k__BackingField'
  .custom instance void [mscorlib]System.Runtime.CompilerServices.CompilerGeneratedAttribute::.ctor() = ( 01 00 00 00 ) 
  .field private string '<NullProperty>k__BackingField'
  .custom instance void [mscorlib]System.Runtime.CompilerServices.CompilerGeneratedAttribute::.ctor() = ( 01 00 00 00 ) 
  .field private string '<PropertyAllowsNullGetButDoesNotAllowNullSet>k__BackingField'
  .custom instance void [mscorlib]System.Runtime.CompilerServices.CompilerGeneratedAttribute::.ctor() = ( 01 00 00 00 ) 
  .field private string '<PropertyAllowsNullSetButDoesNotAllowNullGet>k__BackingField'
  .custom instance void [mscorlib]System.Runtime.CompilerServices.CompilerGeneratedAttribute::.ctor() = ( 01 00 00 00 ) 
  .field private valuetype [mscorlib]System.Nullable`1<int32> '<NonNullNullableProperty>k__BackingField'
  .custom instance void [mscorlib]System.Runtime.CompilerServices.CompilerGeneratedAttribute::.ctor() = ( 01 00 00 00 ) 
  .method public hidebysig specialname rtspecialname 
          instance void  .ctor() cil managed
  {
    // Code size       7 (0x7)
    .maxstack  1
    .language '{3F5162F8-07C6-11D3-9053-00C04FA302A1}', '{994B45C4-E6E9-11D2-903F-00C04FA302A1}', '{5A869D0B-6611-11D3-BD2A-0000F80849BD}'
    .line 8,8 : 5,25 'AssemblyToProcess\\SimpleClass.cs'
    IL_0000:  ldarg.0
    IL_0001:  call       instance void [mscorlib]System.Object::.ctor()
    .line 10,10 : 5,6 ''
    IL_0006:  ret
  } // end of method SimpleClass::.ctor
  .method public hidebysig specialname rtspecialname 
          instance void  .ctor([out] string& nonNullOutArg) cil managed
  {
    // Code size       25 (0x19)
    .maxstack  2
    .line 13,13 : 5,49 ''
    IL_0000:  ldarg.0
    IL_0001:  call       instance void [mscorlib]System.Object::.ctor()
    .line 15,15 : 9,30 ''
    IL_0006:  ldarg.1
    IL_0007:  ldnull
    IL_0008:  stind.ref
    .line 16707566,16707566 : 0,0 ''
    IL_0009:  ldarg.1
    IL_000a:  ldind.ref
    IL_000b:  brtrue.s   IL_0018
    IL_000d:  ldstr      "[NullGuard] Out parameter 'nonNullOutArg' is null."
    IL_0012:  newobj     instance void [mscorlib]System.InvalidOperationException::.ctor(string)
    IL_0017:  throw
    .line 16,16 : 5,6 ''
    IL_0018:  ret
  } // end of method SimpleClass::.ctor
  .method public hidebysig specialname rtspecialname 
          instance void  .ctor(string nonNullArg,
                               string nullArg) cil managed
  {
    // Code size       43 (0x2b)
    .maxstack  3
    .line 18,18 : 5,70 ''
    IL_0000:  ldarg.0
    IL_0001:  call       instance void [mscorlib]System.Object::.ctor()
    .line 16707566,16707566 : 0,0 ''
    IL_0006:  ldarg.1
    IL_0007:  brtrue.s   IL_0019
    IL_0009:  ldstr      "nonNullArg"
    IL_000e:  ldstr      "[NullGuard] nonNullArg is null."
    IL_0013:  newobj     instance void [mscorlib]System.ArgumentNullException::.ctor(string,
                                                                                     string)
    IL_0018:  throw
    .line 20,20 : 9,55 ''
    IL_0019:  ldarg.1
    IL_001a:  ldstr      " "
    IL_001f:  ldarg.2
    IL_0020:  call       string [mscorlib]System.String::Concat(string,
                                                                string,
                                                                string)
    IL_0025:  call       void [mscorlib]System.Console::WriteLine(string)
    .line 21,21 : 5,6 ''
    IL_002a:  ret
  } // end of method SimpleClass::.ctor
  .method public hidebysig specialname rtspecialname 
          instance void  .ctor(class SimpleClass sc,
                               class SimpleClass sc1) cil managed
  {
    // Code size       52 (0x34)
    .maxstack  3
    .line 16707566,16707566 : 0,0 ''
    IL_0000:  ldarg.1
    IL_0001:  brtrue.s   IL_0013
    IL_0003:  ldstr      "sc"
    IL_0008:  ldstr      "[NullGuard] sc is null."
    IL_000d:  newobj     instance void [mscorlib]System.ArgumentNullException::.ctor(string,
                                                                                     string)
    IL_0012:  throw
    .line 23,23 : 59,80 ''
    IL_0013:  ldarg.0
    IL_0014:  ldarg.1
    IL_0015:  ldfld      string SimpleClass::Field1
    IL_001a:  ldnull
    IL_001b:  call       instance void SimpleClass::.ctor(string,
                                                          string)
    .line 16707566,16707566 : 0,0 ''
    IL_0020:  ldarg.2
    IL_0021:  brtrue.s   IL_0033
    IL_0023:  ldstr      "sc1"
    IL_0028:  ldstr      "[NullGuard] sc1 is null."
    IL_002d:  newobj     instance void [mscorlib]System.ArgumentNullException::.ctor(string,
                                                                                     string)
    IL_0032:  throw
    .line 25,25 : 5,6 ''
    IL_0033:  ret
  } // end of method SimpleClass::.ctor
  .method public hidebysig specialname rtspecialname 
          instance void  .ctor(class SimpleClass sc,
                               class SimpleClass sc1,
                               class SimpleClass sc2) cil managed
  {
    // Code size       76 (0x4c)
    .maxstack  3
    .line 16707566,16707566 : 0,0 ''
    IL_0000:  ldarg.1
    IL_0001:  brtrue.s   IL_0013
    IL_0003:  ldstr      "sc"
    IL_0008:  ldstr      "[NullGuard] sc is null."
    IL_000d:  newobj     instance void [mscorlib]System.ArgumentNullException::.ctor(string,
                                                                                     string)
    IL_0012:  throw
    .line 16707566,16707566 : 0,0 ''
    IL_0013:  ldarg.3
    IL_0014:  brtrue.s   IL_0026
    IL_0016:  ldstr      "sc2"
    IL_001b:  ldstr      "[NullGuard] sc2 is null."
    IL_0020:  newobj     instance void [mscorlib]System.ArgumentNullException::.ctor(string,
                                                                                     string)
    IL_0025:  throw
    .line 27,27 : 76,109 ''
    IL_0026:  ldarg.0
    IL_0027:  ldarg.1
    IL_0028:  ldfld      string SimpleClass::Field1
    IL_002d:  ldarg.3
    IL_002e:  callvirt   instance string SimpleClass::get_NullProperty()
    IL_0033:  call       instance void SimpleClass::.ctor(string,
                                                          string)
    .line 16707566,16707566 : 0,0 ''
    IL_0038:  ldarg.2
    IL_0039:  brtrue.s   IL_004b
    IL_003b:  ldstr      "sc1"
    IL_0040:  ldstr      "[NullGuard] sc1 is null."
    IL_0045:  newobj     instance void [mscorlib]System.ArgumentNullException::.ctor(string,
                                                                                     string)
    IL_004a:  throw
    .line 29,29 : 5,6 ''
    IL_004b:  ret
  } // end of method SimpleClass::.ctor
  .method public hidebysig specialname rtspecialname 
          instance void  .ctor(class SimpleClass sc,
                               string notUsed,
                               string used) cil managed
  {
    // Code size       71 (0x47)
    .maxstack  3
    .line 16707566,16707566 : 0,0 ''
    IL_0000:  ldarg.1
    IL_0001:  brtrue.s   IL_0013
    IL_0003:  ldstr      "sc"
    IL_0008:  ldstr      "[NullGuard] sc is null."
    IL_000d:  newobj     instance void [mscorlib]System.ArgumentNullException::.ctor(string,
                                                                                     string)
    IL_0012:  throw
    .line 31,31 : 71,99 ''
    IL_0013:  ldarg.0
    IL_0014:  ldarg.1
    IL_0015:  callvirt   instance string SimpleClass::get_NullProperty()
    IL_001a:  ldarg.3
    IL_001b:  call       instance void SimpleClass::.ctor(string,
                                                          string)
    .line 16707566,16707566 : 0,0 ''
    IL_0020:  ldarg.2
    IL_0021:  brtrue.s   IL_0033
    IL_0023:  ldstr      "notUsed"
    IL_0028:  ldstr      "[NullGuard] notUsed is null."
    IL_002d:  newobj     instance void [mscorlib]System.ArgumentNullException::.ctor(string,
                                                                                     string)
    IL_0032:  throw
    .line 16707566,16707566 : 0,0 ''
    IL_0033:  ldarg.3
    IL_0034:  brtrue.s   IL_0046
    IL_0036:  ldstr      "used"
    IL_003b:  ldstr      "[NullGuard] used is null."
    IL_0040:  newobj     instance void [mscorlib]System.ArgumentNullException::.ctor(string,
                                                                                     string)
    IL_0045:  throw
    .line 33,33 : 5,6 ''
    IL_0046:  ret
  } // end of method SimpleClass::.ctor
  .method public hidebysig specialname rtspecialname 
          instance void  .ctor(string astr,
                               string str2,
                               string str3) cil managed
  {
    // Code size       79 (0x4f)
    .maxstack  3
    .locals init ([0] int32 )
    .line 16707566,16707566 : 0,0 ''
    IL_0000:  ldarg.1
    IL_0001:  brtrue.s   IL_0013
    IL_0003:  ldstr      "astr"
    IL_0008:  ldstr      "[NullGuard] astr is null."
    IL_000d:  newobj     instance void [mscorlib]System.ArgumentNullException::.ctor(string,
                                                                                     string)
    IL_0012:  throw
    .line 35,35 : 65,103 ''
    IL_0013:  ldarg.0
    IL_0014:  ldarg.1
    IL_0015:  call       int32 [mscorlib]System.Int32::Parse(string)
    IL_001a:  stloc.0
    IL_001b:  ldloca.s   
    IL_001d:  call       instance string [mscorlib]System.Int32::ToString()
    IL_0022:  ldnull
    IL_0023:  call       instance void SimpleClass::.ctor(string,
                                                          string)
    .line 16707566,16707566 : 0,0 ''
    IL_0028:  ldarg.2
    IL_0029:  brtrue.s   IL_003b
    IL_002b:  ldstr      "str2"
    IL_0030:  ldstr      "[NullGuard] str2 is null."
    IL_0035:  newobj     instance void [mscorlib]System.ArgumentNullException::.ctor(string,
                                                                                     string)
    IL_003a:  throw
    .line 16707566,16707566 : 0,0 ''
    IL_003b:  ldarg.3
    IL_003c:  brtrue.s   IL_004e
    IL_003e:  ldstr      "str3"
    IL_0043:  ldstr      "[NullGuard] str3 is null."
    IL_0048:  newobj     instance void [mscorlib]System.ArgumentNullException::.ctor(string,
                                                                                     string)
    IL_004d:  throw
    .line 37,37 : 5,6 ''
    IL_004e:  ret
  } // end of method SimpleClass::.ctor
  .method public hidebysig instance void 
          SomeMethod(string nonNullArg,
                     string nullArg) cil managed
  {
    // Code size       26 (0x1a)
    .maxstack  2
    .line 16707566,16707566 : 0,0 ''
    IL_0000:  ldarg.1
    IL_0001:  brtrue.s   IL_0013
    IL_0003:  ldstr      "nonNullArg"
    IL_0008:  ldstr      "[NullGuard] nonNullArg is null."
    IL_000d:  newobj     instance void [mscorlib]System.ArgumentNullException::.ctor(string,
                                                                                     string)
    IL_0012:  throw
    .line 41,41 : 9,39 ''
    IL_0013:  ldarg.1
    IL_0014:  call       void [mscorlib]System.Console::WriteLine(string)
    .line 42,42 : 5,6 ''
    IL_0019:  ret
  } // end of method SimpleClass::SomeMethod
  .method public hidebysig specialname instance string 
          get_NonNullProperty() cil managed
  {
    .custom instance void [mscorlib]System.Runtime.CompilerServices.CompilerGeneratedAttribute::.ctor() = ( 01 00 00 00 ) 
    // Code size       22 (0x16)
    .maxstack  2
    IL_0000:  ldarg.0
    IL_0001:  ldfld      string SimpleClass::'<NonNullProperty>k__BackingField'
    IL_0006:  dup
    IL_0007:  brtrue.s   IL_0015
    IL_0009:  pop
    IL_000a:  ldstr      "[NullGuard] Return value of property 'System.Strin"
    + "g SimpleClass::NonNullProperty()' is null."
    IL_000f:  newobj     instance void [mscorlib]System.InvalidOperationException::.ctor(string)
    IL_0014:  throw
    IL_0015:  ret
  } // end of method SimpleClass::get_NonNullProperty
  .method public hidebysig specialname instance void 
          set_NonNullProperty(string 'value') cil managed
  {
    .custom instance void [mscorlib]System.Runtime.CompilerServices.CompilerGeneratedAttribute::.ctor() = ( 01 00 00 00 ) 
    // Code size       27 (0x1b)
    .maxstack  2
    IL_0000:  ldarg.1
    IL_0001:  brtrue.s   IL_0013
    IL_0003:  ldstr      "value"
    IL_0008:  ldstr      "[NullGuard] Cannot set the value of property 'Syst"
    + "em.String SimpleClass::NonNullProperty()' to null."
    IL_000d:  newobj     instance void [mscorlib]System.ArgumentNullException::.ctor(string,
                                                                                     string)
    IL_0012:  throw
    IL_0013:  ldarg.0
    IL_0014:  ldarg.1
    IL_0015:  stfld      string SimpleClass::'<NonNullProperty>k__BackingField'
    IL_001a:  ret
  } // end of method SimpleClass::set_NonNullProperty
  .method public hidebysig specialname instance string 
          get_NullProperty() cil managed
  {
    .custom instance void [mscorlib]System.Runtime.CompilerServices.CompilerGeneratedAttribute::.ctor() = ( 01 00 00 00 ) 
    // Code size       7 (0x7)
    .maxstack  8
    IL_0000:  ldarg.0
    IL_0001:  ldfld      string SimpleClass::'<NullProperty>k__BackingField'
    IL_0006:  ret
  } // end of method SimpleClass::get_NullProperty
  .method public hidebysig specialname instance void 
          set_NullProperty(string 'value') cil managed
  {
    .custom instance void [mscorlib]System.Runtime.CompilerServices.CompilerGeneratedAttribute::.ctor() = ( 01 00 00 00 ) 
    // Code size       8 (0x8)
    .maxstack  8
    IL_0000:  ldarg.0
    IL_0001:  ldarg.1
    IL_0002:  stfld      string SimpleClass::'<NullProperty>k__BackingField'
    IL_0007:  ret
  } // end of method SimpleClass::set_NullProperty
  .method public hidebysig specialname instance string 
          get_PropertyAllowsNullGetButDoesNotAllowNullSet() cil managed
  {
    .custom instance void [mscorlib]System.Runtime.CompilerServices.CompilerGeneratedAttribute::.ctor() = ( 01 00 00 00 ) 
    // Code size       7 (0x7)
    .maxstack  1
    IL_0000:  ldarg.0
    IL_0001:  ldfld      string SimpleClass::'<PropertyAllowsNullGetButDoesNotAllowNullSet>k__BackingField'
    IL_0006:  ret
  } // end of method SimpleClass::get_PropertyAllowsNullGetButDoesNotAllowNullSet
  .method public hidebysig specialname instance void 
          set_PropertyAllowsNullGetButDoesNotAllowNullSet(string 'value') cil managed
  {
    .custom instance void [mscorlib]System.Runtime.CompilerServices.CompilerGeneratedAttribute::.ctor() = ( 01 00 00 00 ) 
    // Code size       27 (0x1b)
    .maxstack  2
    IL_0000:  ldarg.1
    IL_0001:  brtrue.s   IL_0013
    IL_0003:  ldstr      "value"
    IL_0008:  ldstr      "[NullGuard] Cannot set the value of property 'Syst"
    + "em.String SimpleClass::PropertyAllowsNullGetButDoesNotAllowNullSet()' t"
    + "o null."
    IL_000d:  newobj     instance void [mscorlib]System.ArgumentNullException::.ctor(string,
                                                                                     string)
    IL_0012:  throw
    IL_0013:  ldarg.0
    IL_0014:  ldarg.1
    IL_0015:  stfld      string SimpleClass::'<PropertyAllowsNullGetButDoesNotAllowNullSet>k__BackingField'
    IL_001a:  ret
  } // end of method SimpleClass::set_PropertyAllowsNullGetButDoesNotAllowNullSet
  .method public hidebysig specialname instance string 
          get_PropertyAllowsNullSetButDoesNotAllowNullGet() cil managed
  {
    .custom instance void [mscorlib]System.Runtime.CompilerServices.CompilerGeneratedAttribute::.ctor() = ( 01 00 00 00 ) 
    // Code size       22 (0x16)
    .maxstack  2
    IL_0000:  ldarg.0
    IL_0001:  ldfld      string SimpleClass::'<PropertyAllowsNullSetButDoesNotAllowNullGet>k__BackingField'
    IL_0006:  dup
    IL_0007:  brtrue.s   IL_0015
    IL_0009:  pop
    IL_000a:  ldstr      "[NullGuard] Return value of property 'System.Strin"
    + "g SimpleClass::PropertyAllowsNullSetButDoesNotAllowNullGet()' is null."
    IL_000f:  newobj     instance void [mscorlib]System.InvalidOperationException::.ctor(string)
    IL_0014:  throw
    IL_0015:  ret
  } // end of method SimpleClass::get_PropertyAllowsNullSetButDoesNotAllowNullGet
  .method public hidebysig specialname instance void 
          set_PropertyAllowsNullSetButDoesNotAllowNullGet(string 'value') cil managed
  {
    .custom instance void [mscorlib]System.Runtime.CompilerServices.CompilerGeneratedAttribute::.ctor() = ( 01 00 00 00 ) 
    // Code size       8 (0x8)
    .maxstack  2
    IL_0000:  ldarg.0
    IL_0001:  ldarg.1
    IL_0002:  stfld      string SimpleClass::'<PropertyAllowsNullSetButDoesNotAllowNullGet>k__BackingField'
    IL_0007:  ret
  } // end of method SimpleClass::set_PropertyAllowsNullSetButDoesNotAllowNullGet
  .method public hidebysig specialname instance valuetype [mscorlib]System.Nullable`1<int32> 
          get_NonNullNullableProperty() cil managed
  {
    .custom instance void [mscorlib]System.Runtime.CompilerServices.CompilerGeneratedAttribute::.ctor() = ( 01 00 00 00 ) 
    // Code size       7 (0x7)
    .maxstack  8
    IL_0000:  ldarg.0
    IL_0001:  ldfld      valuetype [mscorlib]System.Nullable`1<int32> SimpleClass::'<NonNullNullableProperty>k__BackingField'
    IL_0006:  ret
  } // end of method SimpleClass::get_NonNullNullableProperty
  .method public hidebysig specialname instance void 
          set_NonNullNullableProperty(valuetype [mscorlib]System.Nullable`1<int32> 'value') cil managed
  {
    .custom instance void [mscorlib]System.Runtime.CompilerServices.CompilerGeneratedAttribute::.ctor() = ( 01 00 00 00 ) 
    // Code size       8 (0x8)
    .maxstack  8
    IL_0000:  ldarg.0
    IL_0001:  ldarg.1
    IL_0002:  stfld      valuetype [mscorlib]System.Nullable`1<int32> SimpleClass::'<NonNullNullableProperty>k__BackingField'
    IL_0007:  ret
  } // end of method SimpleClass::set_NonNullNullableProperty
  .method public hidebysig instance string 
          MethodWithReturnValue(bool returnNull) cil managed
  {
    // Code size       41 (0x29)
    .maxstack  2
    .line 57,57 : 9,39 ''
    IL_0000:  ldarg.1
    IL_0001:  brtrue.s   IL_0018
    IL_0003:  ldstr      ""
    .line 16707566,16707566 : 0,0 ''
    IL_0008:  dup
    IL_0009:  brtrue.s   IL_0017
    IL_000b:  pop
    IL_000c:  ldstr      "[NullGuard] Return value of method 'System.String "
    + "SimpleClass::MethodWithReturnValue(System.Boolean)' is null."
    IL_0011:  newobj     instance void [mscorlib]System.InvalidOperationException::.ctor(string)
    IL_0016:  throw
    IL_0017:  ret
    IL_0018:  ldnull
    .line 16707566,16707566 : 0,0 ''
    IL_0019:  dup
    IL_001a:  brtrue.s   IL_0028
    IL_001c:  pop
    IL_001d:  ldstr      "[NullGuard] Return value of method 'System.String "
    + "SimpleClass::MethodWithReturnValue(System.Boolean)' is null."
    IL_0022:  newobj     instance void [mscorlib]System.InvalidOperationException::.ctor(string)
    IL_0027:  throw
    IL_0028:  ret
  } // end of method SimpleClass::MethodWithReturnValue
  .method public hidebysig instance void 
          MethodWithRef(object& returnNull) cil managed
  {
    // Code size       21 (0x15)
    .maxstack  2
    .line 16707566,16707566 : 0,0 ''
    IL_0000:  ldarg.1
    IL_0001:  ldind.ref
    IL_0002:  brtrue.s   IL_0014
    IL_0004:  ldstr      "returnNull"
    IL_0009:  ldstr      "[NullGuard] returnNull is null."
    IL_000e:  newobj     instance void [mscorlib]System.ArgumentNullException::.ctor(string,
                                                                                     string)
    IL_0013:  throw
    .line 62,62 : 5,6 ''
    IL_0014:  ret
  } // end of method SimpleClass::MethodWithRef
  .method public hidebysig instance void 
          MethodWithGeneric<T>(!!T returnNull) cil managed
  {
    // Code size       25 (0x19)
    .maxstack  2
    .line 16707566,16707566 : 0,0 ''
    IL_0000:  ldarg.1
    IL_0001:  box        !!T
    IL_0006:  brtrue.s   IL_0018
    IL_0008:  ldstr      "returnNull"
    IL_000d:  ldstr      "[NullGuard] returnNull is null."
    IL_0012:  newobj     instance void [mscorlib]System.ArgumentNullException::.ctor(string,
                                                                                     string)
    IL_0017:  throw
    .line 66,66 : 5,6 ''
    IL_0018:  ret
  } // end of method SimpleClass::MethodWithGeneric
  .method public hidebysig instance void 
          MethodWithGenericRef<T>(!!T& returnNull) cil managed
  {
    // Code size       30 (0x1e)
    .maxstack  2
    .line 16707566,16707566 : 0,0 ''
    IL_0000:  ldarg.1
    IL_0001:  ldobj      !!T
    IL_0006:  box        !!T
    IL_000b:  brtrue.s   IL_001d
    IL_000d:  ldstr      "returnNull"
    IL_0012:  ldstr      "[NullGuard] returnNull is null."
    IL_0017:  newobj     instance void [mscorlib]System.ArgumentNullException::.ctor(string,
                                                                                     string)
    IL_001c:  throw
    .line 70,70 : 5,6 ''
    IL_001d:  ret
  } // end of method SimpleClass::MethodWithGenericRef
  .method public hidebysig instance string 
          MethodAllowsNullReturnValue() cil managed
  {
    // Code size       2 (0x2)
    .maxstack  1
    .line 75,75 : 9,21 ''
    IL_0000:  ldnull
    IL_0001:  ret
  } // end of method SimpleClass::MethodAllowsNullReturnValue
  .method public hidebysig instance string 
          MethodWithCanBeNullResult() cil managed
  {
    .custom instance void CanBeNullAttribute::.ctor() = ( 01 00 00 00 ) 
    // Code size       2 (0x2)
    .maxstack  1
    .line 81,81 : 9,21 ''
    IL_0000:  ldnull
    IL_0001:  ret
  } // end of method SimpleClass::MethodWithCanBeNullResult
  .method public hidebysig instance void 
          MethodWithOutValue([out] string& nonNullOutArg) cil managed
  {
    // Code size       19 (0x13)
    .maxstack  2
    .line 86,86 : 9,30 ''
    IL_0000:  ldarg.1
    IL_0001:  ldnull
    IL_0002:  stind.ref
    .line 16707566,16707566 : 0,0 ''
    IL_0003:  ldarg.1
    IL_0004:  ldind.ref
    IL_0005:  brtrue.s   IL_0012
    IL_0007:  ldstr      "[NullGuard] Out parameter 'nonNullOutArg' is null."
    IL_000c:  newobj     instance void [mscorlib]System.InvalidOperationException::.ctor(string)
    IL_0011:  throw
    .line 87,87 : 5,6 ''
    IL_0012:  ret
  } // end of method SimpleClass::MethodWithOutValue
  .method public hidebysig instance void 
          MethodWithAllowedNullOutValue([out] string& nonNullOutArg) cil managed
  {
    // Code size       4 (0x4)
    .maxstack  2
    .line 91,91 : 9,30 ''
    IL_0000:  ldarg.1
    IL_0001:  ldnull
    IL_0002:  stind.ref
    .line 92,92 : 5,6 ''
    IL_0003:  ret
  } // end of method SimpleClass::MethodWithAllowedNullOutValue
  .method public hidebysig instance void 
          PublicWrapperOfPrivateMethod() cil managed
  {
    // Code size       8 (0x8)
    .maxstack  2
    .line 96,96 : 9,33 ''
    IL_0000:  ldarg.0
    IL_0001:  ldnull
    IL_0002:  call       instance void SimpleClass::SomePrivateMethod(string)
    .line 97,97 : 5,6 ''
    IL_0007:  ret
  } // end of method SimpleClass::PublicWrapperOfPrivateMethod
  .method private hidebysig instance void 
          SomePrivateMethod(string x) cil managed
  {
    // Code size       7 (0x7)
    .maxstack  8
    .line 101,101 : 9,30 ''
    IL_0000:  ldarg.1
    IL_0001:  call       void [mscorlib]System.Console::WriteLine(string)
    .line 102,102 : 5,6 ''
    IL_0006:  ret
  } // end of method SimpleClass::SomePrivateMethod
  .method public hidebysig instance void 
          MethodWithTwoRefs(string& first,
                            string& second) cil managed
  {
    // Code size       41 (0x29)
    .maxstack  2
    .line 16707566,16707566 : 0,0 ''
    IL_0000:  ldarg.1
    IL_0001:  ldind.ref
    IL_0002:  brtrue.s   IL_0014
    IL_0004:  ldstr      "first"
    IL_0009:  ldstr      "[NullGuard] first is null."
    IL_000e:  newobj     instance void [mscorlib]System.ArgumentNullException::.ctor(string,
                                                                                     string)
    IL_0013:  throw
    .line 16707566,16707566 : 0,0 ''
    IL_0014:  ldarg.2
    IL_0015:  ldind.ref
    IL_0016:  brtrue.s   IL_0028
    IL_0018:  ldstr      "second"
    IL_001d:  ldstr      "[NullGuard] second is null."
    IL_0022:  newobj     instance void [mscorlib]System.ArgumentNullException::.ctor(string,
                                                                                     string)
    IL_0027:  throw
    .line 106,106 : 5,6 ''
    IL_0028:  ret
  } // end of method SimpleClass::MethodWithTwoRefs
  .method public hidebysig instance void 
          MethodWithTwoOuts([out] string& first,
                            [out] string& second) cil managed
  {
    // Code size       37 (0x25)
    .maxstack  2
    .line 110,110 : 9,22 ''
    IL_0000:  ldarg.1
    IL_0001:  ldnull
    IL_0002:  stind.ref
    .line 111,111 : 9,23 ''
    IL_0003:  ldarg.2
    IL_0004:  ldnull
    IL_0005:  stind.ref
    .line 16707566,16707566 : 0,0 ''
    IL_0006:  ldarg.1
    IL_0007:  ldind.ref
    IL_0008:  brtrue.s   IL_0015
    IL_000a:  ldstr      "[NullGuard] Out parameter 'first' is null."
    IL_000f:  newobj     instance void [mscorlib]System.InvalidOperationException::.ctor(string)
    IL_0014:  throw
    .line 16707566,16707566 : 0,0 ''
    IL_0015:  ldarg.2
    IL_0016:  ldind.ref
    IL_0017:  brtrue.s   IL_0024
    IL_0019:  ldstr      "[NullGuard] Out parameter 'second' is null."
    IL_001e:  newobj     instance void [mscorlib]System.InvalidOperationException::.ctor(string)
    IL_0023:  throw
    .line 112,112 : 5,6 ''
    IL_0024:  ret
  } // end of method SimpleClass::MethodWithTwoOuts
  .method public hidebysig instance void 
          MethodWithOptionalParameter([opt] string optional) cil managed
  {
    .param [1] = nullref
    // Code size       1 (0x1)
    .maxstack  0
    .line 116,116 : 5,6 ''
    IL_0000:  ret
  } // end of method SimpleClass::MethodWithOptionalParameter
  .method public hidebysig instance void 
          MethodWithOptionalParameterWithNonNullDefaultValue([opt] string optional) cil managed
  {
    .param [1] = "default"
    // Code size       20 (0x14)
    .maxstack  2
    .line 16707566,16707566 : 0,0 ''
    IL_0000:  ldarg.1
    IL_0001:  brtrue.s   IL_0013
    IL_0003:  ldstr      "optional"
    IL_0008:  ldstr      "[NullGuard] optional is null."
    IL_000d:  newobj     instance void [mscorlib]System.ArgumentNullException::.ctor(string,
                                                                                     string)
    IL_0012:  throw
    .line 120,120 : 5,6 ''
    IL_0013:  ret
  } // end of method SimpleClass::MethodWithOptionalParameterWithNonNullDefaultValue
  .method public hidebysig instance void 
          MethodWithOptionalParameterWithNonNullDefaultValueButAllowNullAttribute([opt] string optional) cil managed
  {
    .param [1] = "default"
    // Code size       1 (0x1)
    .maxstack  0
    .line 124,124 : 5,6 ''
    IL_0000:  ret
  } // end of method SimpleClass::MethodWithOptionalParameterWithNonNullDefaultValueButAllowNullAttribute
  .method public hidebysig instance void 
          MethodWithGenericOut<T>([out] !!T& item) cil managed
  {
    // Code size       32 (0x20)
    .maxstack  1
    .line 128,128 : 9,27 ''
    IL_0000:  ldarg.1
    IL_0001:  initobj    !!T
    .line 16707566,16707566 : 0,0 ''
    IL_0007:  ldarg.1
    IL_0008:  ldobj      !!T
    IL_000d:  box        !!T
    IL_0012:  brtrue.s   IL_001f
    IL_0014:  ldstr      "[NullGuard] Out parameter 'item' is null."
    IL_0019:  newobj     instance void [mscorlib]System.InvalidOperationException::.ctor(string)
    IL_001e:  throw
    .line 129,129 : 5,6 ''
    IL_001f:  ret
  } // end of method SimpleClass::MethodWithGenericOut
  .method public hidebysig instance !!T  MethodWithGenericReturn<T>(bool returnNull) cil managed
  {
    // Code size       59 (0x3b)
    .maxstack  2
    .locals init ([0] !!T CS$0$0000)
    .line 133,133 : 9,72 ''
    IL_0000:  ldarg.1
    IL_0001:  brtrue.s   IL_001d
    IL_0003:  call       !!0 [mscorlib]System.Activator::CreateInstance<!!0>()
    .line 16707566,16707566 : 0,0 ''
    IL_0008:  dup
    IL_0009:  box        !!T
    IL_000e:  brtrue.s   IL_001c
    IL_0010:  pop
    IL_0011:  ldstr      "[NullGuard] Return value of method 'T SimpleClass:"
    + ":MethodWithGenericReturn(System.Boolean)' is null."
    IL_0016:  newobj     instance void [mscorlib]System.InvalidOperationException::.ctor(string)
    IL_001b:  throw
    IL_001c:  ret
    IL_001d:  ldloca.s   CS$0$0000
    IL_001f:  initobj    !!T
    IL_0025:  ldloc.0
    .line 16707566,16707566 : 0,0 ''
    IL_0026:  dup
    IL_0027:  box        !!T
    IL_002c:  brtrue.s   IL_003a
    IL_002e:  pop
    IL_002f:  ldstr      "[NullGuard] Return value of method 'T SimpleClass:"
    + ":MethodWithGenericReturn(System.Boolean)' is null."
    IL_0034:  newobj     instance void [mscorlib]System.InvalidOperationException::.ctor(string)
    IL_0039:  throw
    IL_003a:  ret
  } // end of method SimpleClass::MethodWithGenericReturn
  .method public hidebysig instance object 
          MethodWithOutAndReturn([out] string& prefix) cil managed
  {
    // Code size       35 (0x23)
    .maxstack  2
    .line 138,138 : 9,23 ''
    IL_0000:  ldarg.1
    IL_0001:  ldnull
    IL_0002:  stind.ref
    .line 139,139 : 9,21 ''
    IL_0003:  ldnull
    .line 16707566,16707566 : 0,0 ''
    IL_0004:  ldarg.1
    IL_0005:  ldind.ref
    IL_0006:  brtrue.s   IL_0013
    IL_0008:  ldstr      "[NullGuard] Out parameter 'prefix' is null."
    IL_000d:  newobj     instance void [mscorlib]System.InvalidOperationException::.ctor(string)
    IL_0012:  throw
    .line 16707566,16707566 : 0,0 ''
    IL_0013:  dup
    IL_0014:  brtrue.s   IL_0022
    IL_0016:  pop
    IL_0017:  ldstr      "[NullGuard] Return value of method 'System.Object "
    + "SimpleClass::MethodWithOutAndReturn(System.String&)' is null."
    IL_001c:  newobj     instance void [mscorlib]System.InvalidOperationException::.ctor(string)
    IL_0021:  throw
    IL_0022:  ret
  } // end of method SimpleClass::MethodWithOutAndReturn
  .method public hidebysig instance void 
          MethodWithExistingArgumentGuard(string x) cil managed
  {
    // Code size       50 (0x32)
    .maxstack  2
    .line 16707566,16707566 : 0,0 ''
    IL_0000:  ldarg.1
    IL_0001:  brtrue.s   IL_0013
    IL_0003:  ldstr      "x"
    IL_0008:  ldstr      "[NullGuard] x is null."
    IL_000d:  newobj     instance void [mscorlib]System.ArgumentNullException::.ctor(string,
                                                                                     string)
    IL_0012:  throw
    .line 144,144 : 9,37 ''
    IL_0013:  ldarg.1
    IL_0014:  call       bool [mscorlib]System.String::IsNullOrEmpty(string)
    IL_0019:  brfalse.s  IL_002b
    .line 145,145 : 13,69 ''
    IL_001b:  ldstr      "x is null or empty."
    IL_0020:  ldstr      "x"
    IL_0025:  newobj     instance void [mscorlib]System.ArgumentException::.ctor(string,
                                                                                 string)
    IL_002a:  throw
    .line 147,147 : 9,30 ''
    IL_002b:  ldarg.1
    IL_002c:  call       void [mscorlib]System.Console::WriteLine(string)
    .line 148,148 : 5,6 ''
    IL_0031:  ret
  } // end of method SimpleClass::MethodWithExistingArgumentGuard
  .method public hidebysig instance void 
          MethodWithExistingArgumentNullGuard(string x) cil managed
  {
    // Code size       26 (0x1a)
    .maxstack  1
    .line 152,152 : 9,37 ''
    IL_0000:  ldarg.1
    IL_0001:  call       bool [mscorlib]System.String::IsNullOrEmpty(string)
    IL_0006:  brfalse.s  IL_0013
    .line 153,153 : 13,50 ''
    IL_0008:  ldstr      "x"
    IL_000d:  newobj     instance void [mscorlib]System.ArgumentNullException::.ctor(string)
    IL_0012:  throw
    .line 155,155 : 9,30 ''
    IL_0013:  ldarg.1
    IL_0014:  call       void [mscorlib]System.Console::WriteLine(string)
    .line 156,156 : 5,6 ''
    IL_0019:  ret
  } // end of method SimpleClass::MethodWithExistingArgumentNullGuard
  .method public hidebysig instance void 
          MethodWithExistingArgumentNullGuardWithMessage(string x) cil managed
  {
    // Code size       31 (0x1f)
    .maxstack  2
    .line 160,160 : 9,37 ''
    IL_0000:  ldarg.1
    IL_0001:  call       bool [mscorlib]System.String::IsNullOrEmpty(string)
    IL_0006:  brfalse.s  IL_0018
    .line 161,161 : 13,73 ''
    IL_0008:  ldstr      "x"
    IL_000d:  ldstr      "x is null or empty."
    IL_0012:  newobj     instance void [mscorlib]System.ArgumentNullException::.ctor(string,
                                                                                     string)
    IL_0017:  throw
    .line 163,163 : 9,30 ''
    IL_0018:  ldarg.1
    IL_0019:  call       void [mscorlib]System.Console::WriteLine(string)
    .line 164,164 : 5,6 ''
    IL_001e:  ret
  } // end of method SimpleClass::MethodWithExistingArgumentNullGuardWithMessage
  .property instance string NonNullProperty()
  {
    .get instance string SimpleClass::get_NonNullProperty()
    .set instance void SimpleClass::set_NonNullProperty(string)
  } // end of property SimpleClass::NonNullProperty
  .property instance string NullProperty()
  {
    .get instance string SimpleClass::get_NullProperty()
    .set instance void SimpleClass::set_NullProperty(string)
  } // end of property SimpleClass::NullProperty
  .property instance string PropertyAllowsNullGetButDoesNotAllowNullSet()
  {
    .get instance string SimpleClass::get_PropertyAllowsNullGetButDoesNotAllowNullSet()
    .set instance void SimpleClass::set_PropertyAllowsNullGetButDoesNotAllowNullSet(string)
  } // end of property SimpleClass::PropertyAllowsNullGetButDoesNotAllowNullSet
  .property instance string PropertyAllowsNullSetButDoesNotAllowNullGet()
  {
    .get instance string SimpleClass::get_PropertyAllowsNullSetButDoesNotAllowNullGet()
    .set instance void SimpleClass::set_PropertyAllowsNullSetButDoesNotAllowNullGet(string)
  } // end of property SimpleClass::PropertyAllowsNullSetButDoesNotAllowNullGet
  .property instance valuetype [mscorlib]System.Nullable`1<int32>
          NonNullNullableProperty()
  {
    .get instance valuetype [mscorlib]System.Nullable`1<int32> SimpleClass::get_NonNullNullableProperty()
    .set instance void SimpleClass::set_NonNullNullableProperty(valuetype [mscorlib]System.Nullable`1<int32>)
  } // end of property SimpleClass::NonNullNullableProperty
} // end of class SimpleClass