.class public auto ansi beforefieldinit SimpleClass
       extends [mscorlib]System.Object
{
  .field private string '<NonNullProperty>k__BackingField'
  .field private string '<NullProperty>k__BackingField'
  .field private string '<PropertyAllowsNullGetButDoesNotAllowNullSet>k__BackingField'
  .field private string '<PropertyAllowsNullSetButDoesNotAllowNullGet>k__BackingField'
  .field private valuetype [mscorlib]System.Nullable`1<int32> '<NonNullNullableProperty>k__BackingField'
  .method public hidebysig specialname rtspecialname 
          instance void  .ctor() cil managed
  {
    // Code size       7 (0x7)
    .maxstack  1
    .language '{3F5162F8-07C6-11D3-9053-00C04FA302A1}', '{994B45C4-E6E9-11D2-903F-00C04FA302A1}', '{5A869D0B-6611-11D3-BD2A-0000F80849BD}'
    IL_0000:  ldarg.0
    IL_0001:  call       instance void [mscorlib]System.Object::.ctor()
    IL_0006:  ret
  } 
  .method public hidebysig specialname rtspecialname 
          instance void  .ctor([out] string& nonNullOutArg) cil managed
  {
    // Code size       43 (0x2b)
    .maxstack  2
    IL_0000:  ldarg.0
    IL_0001:  call       instance void [mscorlib]System.Object::.ctor()
    IL_0006:  ldarg.1
    IL_0007:  ldnull
    IL_0008:  stind.ref
    IL_0009:  ldarg.1
    IL_000a:  ldind.ref
    IL_000b:  ldnull
    IL_000c:  ceq
    IL_000e:  ldc.i4.0
    IL_000f:  ceq
    IL_0011:  ldstr      "[NullGuard] Out parameter 'nonNullOutArg' is null."
    IL_0016:  call       void [System]System.Diagnostics.Debug::Assert(bool,
                                                                       string)
    IL_001b:  ldarg.1
    IL_001c:  ldind.ref
    IL_001d:  brtrue.s   IL_002a
    IL_001f:  ldstr      "[NullGuard] Out parameter 'nonNullOutArg' is null."
    IL_0024:  newobj     instance void [mscorlib]System.InvalidOperationException::.ctor(string)
    IL_0029:  throw
    IL_002a:  ret
  } 
  .method public hidebysig specialname rtspecialname 
          instance void  .ctor(string nonNullArg,
                               string nullArg) cil managed
  {
    // Code size       60 (0x3c)
    .maxstack  3
    IL_0000:  ldarg.1
    IL_0001:  ldnull
    IL_0002:  ceq
    IL_0004:  ldc.i4.0
    IL_0005:  ceq
    IL_0007:  ldstr      "[NullGuard] nonNullArg is null."
    IL_000c:  call       void [System]System.Diagnostics.Debug::Assert(bool,
                                                                       string)
    IL_0011:  ldarg.1
    IL_0012:  brtrue.s   IL_0024
    IL_0014:  ldstr      "nonNullArg"
    IL_0019:  ldstr      "[NullGuard] nonNullArg is null."
    IL_001e:  newobj     instance void [mscorlib]System.ArgumentNullException::.ctor(string,
                                                                                     string)
    IL_0023:  throw
    IL_0024:  ldarg.0
    IL_0025:  call       instance void [mscorlib]System.Object::.ctor()
    IL_002a:  ldarg.1
    IL_002b:  ldstr      " "
    IL_0030:  ldarg.2
    IL_0031:  call       string [mscorlib]System.String::Concat(string,
                                                                string,
                                                                string)
    IL_0036:  call       void [mscorlib]System.Console::WriteLine(string)
    IL_003b:  ret
  } 
  .method public hidebysig instance void 
          SomeMethod(string nonNullArg,
                     string nullArg) cil managed
  {
    // Code size       43 (0x2b)
    .maxstack  2
    IL_0000:  ldarg.1
    IL_0001:  ldnull
    IL_0002:  ceq
    IL_0004:  ldc.i4.0
    IL_0005:  ceq
    IL_0007:  ldstr      "[NullGuard] nonNullArg is null."
    IL_000c:  call       void [System]System.Diagnostics.Debug::Assert(bool,
                                                                       string)
    IL_0011:  ldarg.1
    IL_0012:  brtrue.s   IL_0024
    IL_0014:  ldstr      "nonNullArg"
    IL_0019:  ldstr      "[NullGuard] nonNullArg is null."
    IL_001e:  newobj     instance void [mscorlib]System.ArgumentNullException::.ctor(string,
                                                                                     string)
    IL_0023:  throw
    IL_0024:  ldarg.1
    IL_0025:  call       void [mscorlib]System.Console::WriteLine(string)
    IL_002a:  ret
  } 
  .method public hidebysig specialname instance string 
          get_NonNullProperty() cil managed
  {
    // Code size       39 (0x27)
    .maxstack  3
    IL_0000:  ldarg.0
    IL_0001:  ldfld      string SimpleClass::'<NonNullProperty>k__BackingField'
    IL_0006:  dup
    IL_0007:  ldnull
    IL_0008:  ceq
    IL_000a:  ldc.i4.0
    IL_000b:  ceq
    IL_000d:  ldstr      "[NullGuard] Return value of property 'System.Strin"
    + "g SimpleClass::NonNullProperty()' is null."
    IL_0012:  call       void [System]System.Diagnostics.Debug::Assert(bool,
                                                                       string)
    IL_0017:  dup
    IL_0018:  brtrue.s   IL_0026
    IL_001a:  pop
    IL_001b:  ldstr      "[NullGuard] Return value of property 'System.Strin"
    + "g SimpleClass::NonNullProperty()' is null."
    IL_0020:  newobj     instance void [mscorlib]System.InvalidOperationException::.ctor(string)
    IL_0025:  throw
    IL_0026:  ret
  } 
  .method public hidebysig specialname instance void 
          set_NonNullProperty(string 'value') cil managed
  {
    // Code size       44 (0x2c)
    .maxstack  2
    IL_0000:  ldarg.1
    IL_0001:  ldnull
    IL_0002:  ceq
    IL_0004:  ldc.i4.0
    IL_0005:  ceq
    IL_0007:  ldstr      "[NullGuard] Cannot set the value of property 'Syst"
    + "em.String SimpleClass::NonNullProperty()' to null."
    IL_000c:  call       void [System]System.Diagnostics.Debug::Assert(bool,
                                                                       string)
    IL_0011:  ldarg.1
    IL_0012:  brtrue.s   IL_0024
    IL_0014:  ldstr      "value"
    IL_0019:  ldstr      "[NullGuard] Cannot set the value of property 'Syst"
    + "em.String SimpleClass::NonNullProperty()' to null."
    IL_001e:  newobj     instance void [mscorlib]System.ArgumentNullException::.ctor(string,
                                                                                     string)
    IL_0023:  throw
    IL_0024:  ldarg.0
    IL_0025:  ldarg.1
    IL_0026:  stfld      string SimpleClass::'<NonNullProperty>k__BackingField'
    IL_002b:  ret
  } 
  .method public hidebysig specialname instance string 
          get_NullProperty() cil managed
  {
    // Code size       7 (0x7)
    .maxstack  8
    IL_0000:  ldarg.0
    IL_0001:  ldfld      string SimpleClass::'<NullProperty>k__BackingField'
    IL_0006:  ret
  } 
  .method public hidebysig specialname instance void 
          set_NullProperty(string 'value') cil managed
  {
    // Code size       8 (0x8)
    .maxstack  8
    IL_0000:  ldarg.0
    IL_0001:  ldarg.1
    IL_0002:  stfld      string SimpleClass::'<NullProperty>k__BackingField'
    IL_0007:  ret
  } 
  .method public hidebysig specialname instance string 
          get_PropertyAllowsNullGetButDoesNotAllowNullSet() cil managed
  {
    // Code size       7 (0x7)
    .maxstack  1
    IL_0000:  ldarg.0
    IL_0001:  ldfld      string SimpleClass::'<PropertyAllowsNullGetButDoesNotAllowNullSet>k__BackingField'
    IL_0006:  ret
  } 
  .method public hidebysig specialname instance void 
          set_PropertyAllowsNullGetButDoesNotAllowNullSet(string 'value') cil managed
  {
    // Code size       44 (0x2c)
    .maxstack  2
    IL_0000:  ldarg.1
    IL_0001:  ldnull
    IL_0002:  ceq
    IL_0004:  ldc.i4.0
    IL_0005:  ceq
    IL_0007:  ldstr      "[NullGuard] Cannot set the value of property 'Syst"
    + "em.String SimpleClass::PropertyAllowsNullGetButDoesNotAllowNullSet()' t"
    + "o null."
    IL_000c:  call       void [System]System.Diagnostics.Debug::Assert(bool,
                                                                       string)
    IL_0011:  ldarg.1
    IL_0012:  brtrue.s   IL_0024
    IL_0014:  ldstr      "value"
    IL_0019:  ldstr      "[NullGuard] Cannot set the value of property 'Syst"
    + "em.String SimpleClass::PropertyAllowsNullGetButDoesNotAllowNullSet()' t"
    + "o null."
    IL_001e:  newobj     instance void [mscorlib]System.ArgumentNullException::.ctor(string,
                                                                                     string)
    IL_0023:  throw
    IL_0024:  ldarg.0
    IL_0025:  ldarg.1
    IL_0026:  stfld      string SimpleClass::'<PropertyAllowsNullGetButDoesNotAllowNullSet>k__BackingField'
    IL_002b:  ret
  } 
  .method public hidebysig specialname instance string 
          get_PropertyAllowsNullSetButDoesNotAllowNullGet() cil managed
  {
    // Code size       39 (0x27)
    .maxstack  3
    IL_0000:  ldarg.0
    IL_0001:  ldfld      string SimpleClass::'<PropertyAllowsNullSetButDoesNotAllowNullGet>k__BackingField'
    IL_0006:  dup
    IL_0007:  ldnull
    IL_0008:  ceq
    IL_000a:  ldc.i4.0
    IL_000b:  ceq
    IL_000d:  ldstr      "[NullGuard] Return value of property 'System.Strin"
    + "g SimpleClass::PropertyAllowsNullSetButDoesNotAllowNullGet()' is null."
    IL_0012:  call       void [System]System.Diagnostics.Debug::Assert(bool,
                                                                       string)
    IL_0017:  dup
    IL_0018:  brtrue.s   IL_0026
    IL_001a:  pop
    IL_001b:  ldstr      "[NullGuard] Return value of property 'System.Strin"
    + "g SimpleClass::PropertyAllowsNullSetButDoesNotAllowNullGet()' is null."
    IL_0020:  newobj     instance void [mscorlib]System.InvalidOperationException::.ctor(string)
    IL_0025:  throw
    IL_0026:  ret
  } 
  .method public hidebysig specialname instance void 
          set_PropertyAllowsNullSetButDoesNotAllowNullGet(string 'value') cil managed
  {
    // Code size       8 (0x8)
    .maxstack  2
    IL_0000:  ldarg.0
    IL_0001:  ldarg.1
    IL_0002:  stfld      string SimpleClass::'<PropertyAllowsNullSetButDoesNotAllowNullGet>k__BackingField'
    IL_0007:  ret
  } 
  .method public hidebysig specialname instance valuetype [mscorlib]System.Nullable`1<int32> 
          get_NonNullNullableProperty() cil managed
  {
    // Code size       7 (0x7)
    .maxstack  8
    IL_0000:  ldarg.0
    IL_0001:  ldfld      valuetype [mscorlib]System.Nullable`1<int32> SimpleClass::'<NonNullNullableProperty>k__BackingField'
    IL_0006:  ret
  } 
  .method public hidebysig specialname instance void 
          set_NonNullNullableProperty(valuetype [mscorlib]System.Nullable`1<int32> 'value') cil managed
  {
    // Code size       8 (0x8)
    .maxstack  8
    IL_0000:  ldarg.0
    IL_0001:  ldarg.1
    IL_0002:  stfld      valuetype [mscorlib]System.Nullable`1<int32> SimpleClass::'<NonNullNullableProperty>k__BackingField'
    IL_0007:  ret
  } 
  .method public hidebysig instance string 
          MethodWithReturnValue(bool returnNull) cil managed
  {
    // Code size       75 (0x4b)
    .maxstack  3
    IL_0000:  ldarg.1
    IL_0001:  brtrue.s   IL_0029
    IL_0003:  ldstr      ""
    IL_0008:  dup
    IL_0009:  ldnull
    IL_000a:  ceq
    IL_000c:  ldc.i4.0
    IL_000d:  ceq
    IL_000f:  ldstr      "[NullGuard] Return value of method 'System.String "
    + "SimpleClass::MethodWithReturnValue(System.Boolean)' is null."
    IL_0014:  call       void [System]System.Diagnostics.Debug::Assert(bool,
                                                                       string)
    IL_0019:  dup
    IL_001a:  brtrue.s   IL_0028
    IL_001c:  pop
    IL_001d:  ldstr      "[NullGuard] Return value of method 'System.String "
    + "SimpleClass::MethodWithReturnValue(System.Boolean)' is null."
    IL_0022:  newobj     instance void [mscorlib]System.InvalidOperationException::.ctor(string)
    IL_0027:  throw
    IL_0028:  ret
    IL_0029:  ldnull
    IL_002a:  dup
    IL_002b:  ldnull
    IL_002c:  ceq
    IL_002e:  ldc.i4.0
    IL_002f:  ceq
    IL_0031:  ldstr      "[NullGuard] Return value of method 'System.String "
    + "SimpleClass::MethodWithReturnValue(System.Boolean)' is null."
    IL_0036:  call       void [System]System.Diagnostics.Debug::Assert(bool,
                                                                       string)
    IL_003b:  dup
    IL_003c:  brtrue.s   IL_004a
    IL_003e:  pop
    IL_003f:  ldstr      "[NullGuard] Return value of method 'System.String "
    + "SimpleClass::MethodWithReturnValue(System.Boolean)' is null."
    IL_0044:  newobj     instance void [mscorlib]System.InvalidOperationException::.ctor(string)
    IL_0049:  throw
    IL_004a:  ret
  } 
  .method public hidebysig instance void 
          MethodWithRef(object& returnNull) cil managed
  {
    // Code size       39 (0x27)
    .maxstack  2
    IL_0000:  ldarg.1
    IL_0001:  ldind.ref
    IL_0002:  ldnull
    IL_0003:  ceq
    IL_0005:  ldc.i4.0
    IL_0006:  ceq
    IL_0008:  ldstr      "[NullGuard] returnNull is null."
    IL_000d:  call       void [System]System.Diagnostics.Debug::Assert(bool,
                                                                       string)
    IL_0012:  ldarg.1
    IL_0013:  ldind.ref
    IL_0014:  brtrue.s   IL_0026
    IL_0016:  ldstr      "returnNull"
    IL_001b:  ldstr      "[NullGuard] returnNull is null."
    IL_0020:  newobj     instance void [mscorlib]System.ArgumentNullException::.ctor(string,
                                                                                     string)
    IL_0025:  throw
    IL_0026:  ret
  } 
  .method public hidebysig instance void 
          MethodWithGeneric<T>(!!T returnNull) cil managed
  {
    // Code size       47 (0x2f)
    .maxstack  2
    IL_0000:  ldarg.1
    IL_0001:  box        !!T
    IL_0006:  ldnull
    IL_0007:  ceq
    IL_0009:  ldc.i4.0
    IL_000a:  ceq
    IL_000c:  ldstr      "[NullGuard] returnNull is null."
    IL_0011:  call       void [System]System.Diagnostics.Debug::Assert(bool,
                                                                       string)
    IL_0016:  ldarg.1
    IL_0017:  box        !!T
    IL_001c:  brtrue.s   IL_002e
    IL_001e:  ldstr      "returnNull"
    IL_0023:  ldstr      "[NullGuard] returnNull is null."
    IL_0028:  newobj     instance void [mscorlib]System.ArgumentNullException::.ctor(string,
                                                                                     string)
    IL_002d:  throw
    IL_002e:  ret
  } 
  .method public hidebysig instance void 
          MethodWithGenericRef<T>(!!T& returnNull) cil managed
  {
    // Code size       57 (0x39)
    .maxstack  2
    IL_0000:  ldarg.1
    IL_0001:  ldobj      !!T
    IL_0006:  box        !!T
    IL_000b:  ldnull
    IL_000c:  ceq
    IL_000e:  ldc.i4.0
    IL_000f:  ceq
    IL_0011:  ldstr      "[NullGuard] returnNull is null."
    IL_0016:  call       void [System]System.Diagnostics.Debug::Assert(bool,
                                                                       string)
    IL_001b:  ldarg.1
    IL_001c:  ldobj      !!T
    IL_0021:  box        !!T
    IL_0026:  brtrue.s   IL_0038
    IL_0028:  ldstr      "returnNull"
    IL_002d:  ldstr      "[NullGuard] returnNull is null."
    IL_0032:  newobj     instance void [mscorlib]System.ArgumentNullException::.ctor(string,
                                                                                     string)
    IL_0037:  throw
    IL_0038:  ret
  } 
  .method public hidebysig instance string 
          MethodAllowsNullReturnValue() cil managed
  {
    // Code size       2 (0x2)
    .maxstack  1
    IL_0000:  ldnull
    IL_0001:  ret
  } 
  .method public hidebysig instance string 
          MethodWithCanBeNullResult() cil managed
  {
    .custom instance void CanBeNullAttribute::.ctor() = ( 01 00 00 00 ) 
    // Code size       2 (0x2)
    .maxstack  1
    IL_0000:  ldnull
    IL_0001:  ret
  } 
  .method public hidebysig instance void 
          MethodWithOutValue([out] string& nonNullOutArg) cil managed
  {
    // Code size       37 (0x25)
    .maxstack  2
    IL_0000:  ldarg.1
    IL_0001:  ldnull
    IL_0002:  stind.ref
    IL_0003:  ldarg.1
    IL_0004:  ldind.ref
    IL_0005:  ldnull
    IL_0006:  ceq
    IL_0008:  ldc.i4.0
    IL_0009:  ceq
    IL_000b:  ldstr      "[NullGuard] Out parameter 'nonNullOutArg' is null."
    IL_0010:  call       void [System]System.Diagnostics.Debug::Assert(bool,
                                                                       string)
    IL_0015:  ldarg.1
    IL_0016:  ldind.ref
    IL_0017:  brtrue.s   IL_0024
    IL_0019:  ldstr      "[NullGuard] Out parameter 'nonNullOutArg' is null."
    IL_001e:  newobj     instance void [mscorlib]System.InvalidOperationException::.ctor(string)
    IL_0023:  throw
    IL_0024:  ret
  } 
  .method public hidebysig instance void 
          MethodWithAllowedNullOutValue([out] string& nonNullOutArg) cil managed
  {
    // Code size       4 (0x4)
    .maxstack  2
    IL_0000:  ldarg.1
    IL_0001:  ldnull
    IL_0002:  stind.ref
    IL_0003:  ret
  } 
  .method public hidebysig instance void 
          PublicWrapperOfPrivateMethod() cil managed
  {
    // Code size       8 (0x8)
    .maxstack  2
    IL_0000:  ldarg.0
    IL_0001:  ldnull
    IL_0002:  call       instance void SimpleClass::SomePrivateMethod(string)
    IL_0007:  ret
  } 
  .method private hidebysig instance void 
          SomePrivateMethod(string x) cil managed
  {
    // Code size       7 (0x7)
    .maxstack  8
    IL_0000:  ldarg.1
    IL_0001:  call       void [mscorlib]System.Console::WriteLine(string)
    IL_0006:  ret
  } 
  .method public hidebysig instance void 
          MethodWithTwoRefs(string& first,
                            string& second) cil managed
  {
    // Code size       77 (0x4d)
    .maxstack  2
    IL_0000:  ldarg.1
    IL_0001:  ldind.ref
    IL_0002:  ldnull
    IL_0003:  ceq
    IL_0005:  ldc.i4.0
    IL_0006:  ceq
    IL_0008:  ldstr      "[NullGuard] first is null."
    IL_000d:  call       void [System]System.Diagnostics.Debug::Assert(bool,
                                                                       string)
    IL_0012:  ldarg.1
    IL_0013:  ldind.ref
    IL_0014:  brtrue.s   IL_0026
    IL_0016:  ldstr      "first"
    IL_001b:  ldstr      "[NullGuard] first is null."
    IL_0020:  newobj     instance void [mscorlib]System.ArgumentNullException::.ctor(string,
                                                                                     string)
    IL_0025:  throw
    IL_0026:  ldarg.2
    IL_0027:  ldind.ref
    IL_0028:  ldnull
    IL_0029:  ceq
    IL_002b:  ldc.i4.0
    IL_002c:  ceq
    IL_002e:  ldstr      "[NullGuard] second is null."
    IL_0033:  call       void [System]System.Diagnostics.Debug::Assert(bool,
                                                                       string)
    IL_0038:  ldarg.2
    IL_0039:  ldind.ref
    IL_003a:  brtrue.s   IL_004c
    IL_003c:  ldstr      "second"
    IL_0041:  ldstr      "[NullGuard] second is null."
    IL_0046:  newobj     instance void [mscorlib]System.ArgumentNullException::.ctor(string,
                                                                                     string)
    IL_004b:  throw
    IL_004c:  ret
  } 
  .method public hidebysig instance void 
          MethodWithTwoOuts([out] string& first,
                            [out] string& second) cil managed
  {
    // Code size       73 (0x49)
    .maxstack  2
    IL_0000:  ldarg.1
    IL_0001:  ldnull
    IL_0002:  stind.ref
    IL_0003:  ldarg.2
    IL_0004:  ldnull
    IL_0005:  stind.ref
    IL_0006:  ldarg.1
    IL_0007:  ldind.ref
    IL_0008:  ldnull
    IL_0009:  ceq
    IL_000b:  ldc.i4.0
    IL_000c:  ceq
    IL_000e:  ldstr      "[NullGuard] Out parameter 'first' is null."
    IL_0013:  call       void [System]System.Diagnostics.Debug::Assert(bool,
                                                                       string)
    IL_0018:  ldarg.1
    IL_0019:  ldind.ref
    IL_001a:  brtrue.s   IL_0027
    IL_001c:  ldstr      "[NullGuard] Out parameter 'first' is null."
    IL_0021:  newobj     instance void [mscorlib]System.InvalidOperationException::.ctor(string)
    IL_0026:  throw
    IL_0027:  ldarg.2
    IL_0028:  ldind.ref
    IL_0029:  ldnull
    IL_002a:  ceq
    IL_002c:  ldc.i4.0
    IL_002d:  ceq
    IL_002f:  ldstr      "[NullGuard] Out parameter 'second' is null."
    IL_0034:  call       void [System]System.Diagnostics.Debug::Assert(bool,
                                                                       string)
    IL_0039:  ldarg.2
    IL_003a:  ldind.ref
    IL_003b:  brtrue.s   IL_0048
    IL_003d:  ldstr      "[NullGuard] Out parameter 'second' is null."
    IL_0042:  newobj     instance void [mscorlib]System.InvalidOperationException::.ctor(string)
    IL_0047:  throw
    IL_0048:  ret
  } 
  .method public hidebysig instance void 
          MethodWithOptionalParameter([opt] string optional) cil managed
  {
    .param [1] = nullref
    // Code size       1 (0x1)
    .maxstack  0
    IL_0000:  ret
  } 
  .method public hidebysig instance void 
          MethodWithOptionalParameterWithNonNullDefaultValue([opt] string optional) cil managed
  {
    .param [1] = "default"
    // Code size       37 (0x25)
    .maxstack  2
    IL_0000:  ldarg.1
    IL_0001:  ldnull
    IL_0002:  ceq
    IL_0004:  ldc.i4.0
    IL_0005:  ceq
    IL_0007:  ldstr      "[NullGuard] optional is null."
    IL_000c:  call       void [System]System.Diagnostics.Debug::Assert(bool,
                                                                       string)
    IL_0011:  ldarg.1
    IL_0012:  brtrue.s   IL_0024
    IL_0014:  ldstr      "optional"
    IL_0019:  ldstr      "[NullGuard] optional is null."
    IL_001e:  newobj     instance void [mscorlib]System.ArgumentNullException::.ctor(string,
                                                                                     string)
    IL_0023:  throw
    IL_0024:  ret
  } 
  .method public hidebysig instance void 
          MethodWithOptionalParameterWithNonNullDefaultValueButAllowNullAttribute([opt] string optional) cil managed
  {
    .param [1] = "default"
    // Code size       1 (0x1)
    .maxstack  0
    IL_0000:  ret
  } 
  .method public hidebysig instance void 
          MethodWithGenericOut<T>([out] !!T& item) cil managed
  {
    // Code size       59 (0x3b)
    .maxstack  2
    IL_0000:  ldarg.1
    IL_0001:  initobj    !!T
    IL_0007:  ldarg.1
    IL_0008:  ldobj      !!T
    IL_000d:  box        !!T
    IL_0012:  ldnull
    IL_0013:  ceq
    IL_0015:  ldc.i4.0
    IL_0016:  ceq
    IL_0018:  ldstr      "[NullGuard] Out parameter 'item' is null."
    IL_001d:  call       void [System]System.Diagnostics.Debug::Assert(bool,
                                                                       string)
    IL_0022:  ldarg.1
    IL_0023:  ldobj      !!T
    IL_0028:  box        !!T
    IL_002d:  brtrue.s   IL_003a
    IL_002f:  ldstr      "[NullGuard] Out parameter 'item' is null."
    IL_0034:  newobj     instance void [mscorlib]System.InvalidOperationException::.ctor(string)
    IL_0039:  throw
    IL_003a:  ret
  } 
  .method public hidebysig instance !!T  MethodWithGenericReturn<T>(bool returnNull) cil managed
  {
    // Code size       103 (0x67)
    .maxstack  3
    .locals init ([0] !!T V_0)
    IL_0000:  ldarg.1
    IL_0001:  brtrue.s   IL_0033
    IL_0003:  call       !!0 [mscorlib]System.Activator::CreateInstance<!!0>()
    IL_0008:  dup
    IL_0009:  box        !!T
    IL_000e:  ldnull
    IL_000f:  ceq
    IL_0011:  ldc.i4.0
    IL_0012:  ceq
    IL_0014:  ldstr      "[NullGuard] Return value of method 'T SimpleClass:"
    + ":MethodWithGenericReturn(System.Boolean)' is null."
    IL_0019:  call       void [System]System.Diagnostics.Debug::Assert(bool,
                                                                       string)
    IL_001e:  dup
    IL_001f:  box        !!T
    IL_0024:  brtrue.s   IL_0032
    IL_0026:  pop
    IL_0027:  ldstr      "[NullGuard] Return value of method 'T SimpleClass:"
    + ":MethodWithGenericReturn(System.Boolean)' is null."
    IL_002c:  newobj     instance void [mscorlib]System.InvalidOperationException::.ctor(string)
    IL_0031:  throw
    IL_0032:  ret
    IL_0033:  ldloca.s   V_0
    IL_0035:  initobj    !!T
    IL_003b:  ldloc.0
    IL_003c:  dup
    IL_003d:  box        !!T
    IL_0042:  ldnull
    IL_0043:  ceq
    IL_0045:  ldc.i4.0
    IL_0046:  ceq
    IL_0048:  ldstr      "[NullGuard] Return value of method 'T SimpleClass:"
    + ":MethodWithGenericReturn(System.Boolean)' is null."
    IL_004d:  call       void [System]System.Diagnostics.Debug::Assert(bool,
                                                                       string)
    IL_0052:  dup
    IL_0053:  box        !!T
    IL_0058:  brtrue.s   IL_0066
    IL_005a:  pop
    IL_005b:  ldstr      "[NullGuard] Return value of method 'T SimpleClass:"
    + ":MethodWithGenericReturn(System.Boolean)' is null."
    IL_0060:  newobj     instance void [mscorlib]System.InvalidOperationException::.ctor(string)
    IL_0065:  throw
    IL_0066:  ret
  } 
  .method public hidebysig instance object 
          MethodWithOutAndReturn([out] string& prefix) cil managed
  {
    // Code size       70 (0x46)
    .maxstack  3
    IL_0000:  ldarg.1
    IL_0001:  ldnull
    IL_0002:  stind.ref
    IL_0003:  ldnull
    IL_0004:  ldarg.1
    IL_0005:  ldind.ref
    IL_0006:  ldnull
    IL_0007:  ceq
    IL_0009:  ldc.i4.0
    IL_000a:  ceq
    IL_000c:  ldstr      "[NullGuard] Out parameter 'prefix' is null."
    IL_0011:  call       void [System]System.Diagnostics.Debug::Assert(bool,
                                                                       string)
    IL_0016:  ldarg.1
    IL_0017:  ldind.ref
    IL_0018:  brtrue.s   IL_0025
    IL_001a:  ldstr      "[NullGuard] Out parameter 'prefix' is null."
    IL_001f:  newobj     instance void [mscorlib]System.InvalidOperationException::.ctor(string)
    IL_0024:  throw
    IL_0025:  dup
    IL_0026:  ldnull
    IL_0027:  ceq
    IL_0029:  ldc.i4.0
    IL_002a:  ceq
    IL_002c:  ldstr      "[NullGuard] Return value of method 'System.Object "
    + "SimpleClass::MethodWithOutAndReturn(System.String&)' is null."
    IL_0031:  call       void [System]System.Diagnostics.Debug::Assert(bool,
                                                                       string)
    IL_0036:  dup
    IL_0037:  brtrue.s   IL_0045
    IL_0039:  pop
    IL_003a:  ldstr      "[NullGuard] Return value of method 'System.Object "
    + "SimpleClass::MethodWithOutAndReturn(System.String&)' is null."
    IL_003f:  newobj     instance void [mscorlib]System.InvalidOperationException::.ctor(string)
    IL_0044:  throw
    IL_0045:  ret
  } 
  .method public hidebysig instance void 
          MethodWithExistingArgumentGuard(string x) cil managed
  {
    // Code size       67 (0x43)
    .maxstack  2
    IL_0000:  ldarg.1
    IL_0001:  ldnull
    IL_0002:  ceq
    IL_0004:  ldc.i4.0
    IL_0005:  ceq
    IL_0007:  ldstr      "[NullGuard] x is null."
    IL_000c:  call       void [System]System.Diagnostics.Debug::Assert(bool,
                                                                       string)
    IL_0011:  ldarg.1
    IL_0012:  brtrue.s   IL_0024
    IL_0014:  ldstr      "x"
    IL_0019:  ldstr      "[NullGuard] x is null."
    IL_001e:  newobj     instance void [mscorlib]System.ArgumentNullException::.ctor(string,
                                                                                     string)
    IL_0023:  throw
    IL_0024:  ldarg.1
    IL_0025:  call       bool [mscorlib]System.String::IsNullOrEmpty(string)
    IL_002a:  brfalse.s  IL_003c
    IL_002c:  ldstr      "x is null or empty."
    IL_0031:  ldstr      "x"
    IL_0036:  newobj     instance void [mscorlib]System.ArgumentException::.ctor(string,
                                                                                 string)
    IL_003b:  throw
    IL_003c:  ldarg.1
    IL_003d:  call       void [mscorlib]System.Console::WriteLine(string)
    IL_0042:  ret
  } 
  .method public hidebysig instance void 
          MethodWithExistingArgumentNullGuard(string x) cil managed
  {
    // Code size       26 (0x1a)
    .maxstack  1
    IL_0000:  ldarg.1
    IL_0001:  call       bool [mscorlib]System.String::IsNullOrEmpty(string)
    IL_0006:  brfalse.s  IL_0013
    IL_0008:  ldstr      "x"
    IL_000d:  newobj     instance void [mscorlib]System.ArgumentNullException::.ctor(string)
    IL_0012:  throw
    IL_0013:  ldarg.1
    IL_0014:  call       void [mscorlib]System.Console::WriteLine(string)
    IL_0019:  ret
  } 
  .method public hidebysig instance void 
          MethodWithExistingArgumentNullGuardWithMessage(string x) cil managed
  {
    // Code size       31 (0x1f)
    .maxstack  2
    IL_0000:  ldarg.1
    IL_0001:  call       bool [mscorlib]System.String::IsNullOrEmpty(string)
    IL_0006:  brfalse.s  IL_0018
    IL_0008:  ldstr      "x"
    IL_000d:  ldstr      "x is null or empty."
    IL_0012:  newobj     instance void [mscorlib]System.ArgumentNullException::.ctor(string,
                                                                                     string)
    IL_0017:  throw
    IL_0018:  ldarg.1
    IL_0019:  call       void [mscorlib]System.Console::WriteLine(string)
    IL_001e:  ret
  } 
  .method public hidebysig instance string 
          ReturnValueChecksWithBranchToRetInstruction() cil managed
  {
    // Code size       61 (0x3d)
    .maxstack  3
    .locals init ([0] string returnValue)
    IL_0000:  ldnull
    IL_0001:  stloc.0
    IL_0002:  ldstr      ""
    IL_0007:  call       instance int32 [mscorlib]System.String::get_Length()
    IL_000c:  ldc.i4.s   42
    IL_000e:  bne.un.s   IL_001b
    IL_0010:  ldstr      "Not reachable"
    IL_0015:  newobj     instance void [mscorlib]System.Exception::.ctor(string)
    IL_001a:  throw
    IL_001b:  ldloc.0
    IL_001c:  dup
    IL_001d:  ldnull
    IL_001e:  ceq
    IL_0020:  ldc.i4.0
    IL_0021:  ceq
    IL_0023:  ldstr      "[NullGuard] Return value of method 'System.String "
    + "SimpleClass::ReturnValueChecksWithBranchToRetInstruction()' is null."
    IL_0028:  call       void [System]System.Diagnostics.Debug::Assert(bool,
                                                                       string)
    IL_002d:  dup
    IL_002e:  brtrue.s   IL_003c
    IL_0030:  pop
    IL_0031:  ldstr      "[NullGuard] Return value of method 'System.String "
    + "SimpleClass::ReturnValueChecksWithBranchToRetInstruction()' is null."
    IL_0036:  newobj     instance void [mscorlib]System.InvalidOperationException::.ctor(string)
    IL_003b:  throw
    IL_003c:  ret
  } 
  .method public hidebysig instance void 
          OutValueChecksWithBranchToRetInstruction([out] string& outParam) cil managed
  {
    // Code size       62 (0x3e)
    .maxstack  2
    IL_0000:  ldarg.1
    IL_0001:  ldnull
    IL_0002:  stind.ref
    IL_0003:  ldstr      ""
    IL_0008:  call       instance int32 [mscorlib]System.String::get_Length()
    IL_000d:  ldc.i4.s   42
    IL_000f:  bne.un.s   IL_001c
    IL_0011:  ldstr      "Not reachable"
    IL_0016:  newobj     instance void [mscorlib]System.Exception::.ctor(string)
    IL_001b:  throw
    IL_001c:  ldarg.1
    IL_001d:  ldind.ref
    IL_001e:  ldnull
    IL_001f:  ceq
    IL_0021:  ldc.i4.0
    IL_0022:  ceq
    IL_0024:  ldstr      "[NullGuard] Out parameter 'outParam' is null."
    IL_0029:  call       void [System]System.Diagnostics.Debug::Assert(bool,
                                                                       string)
    IL_002e:  ldarg.1
    IL_002f:  ldind.ref
    IL_0030:  brtrue.s   IL_003d
    IL_0032:  ldstr      "[NullGuard] Out parameter 'outParam' is null."
    IL_0037:  newobj     instance void [mscorlib]System.InvalidOperationException::.ctor(string)
    IL_003c:  throw
    IL_003d:  ret
  } 
  .method public hidebysig specialname instance string 
          get_GetterReturnValueChecksWithBranchToRetInstruction() cil managed
  {
    // Code size       61 (0x3d)
    .maxstack  3
    .locals init ([0] string returnValue)
    IL_0000:  ldnull
    IL_0001:  stloc.0
    IL_0002:  ldstr      ""
    IL_0007:  call       instance int32 [mscorlib]System.String::get_Length()
    IL_000c:  ldc.i4.s   42
    IL_000e:  bne.un.s   IL_001b
    IL_0010:  ldstr      "Not reachable"
    IL_0015:  newobj     instance void [mscorlib]System.Exception::.ctor(string)
    IL_001a:  throw
    IL_001b:  ldloc.0
    IL_001c:  dup
    IL_001d:  ldnull
    IL_001e:  ceq
    IL_0020:  ldc.i4.0
    IL_0021:  ceq
    IL_0023:  ldstr      "[NullGuard] Return value of property 'System.Strin"
    + "g SimpleClass::GetterReturnValueChecksWithBranchToRetInstruction()' is "
    + "null."
    IL_0028:  call       void [System]System.Diagnostics.Debug::Assert(bool,
                                                                       string)
    IL_002d:  dup
    IL_002e:  brtrue.s   IL_003c
    IL_0030:  pop
    IL_0031:  ldstr      "[NullGuard] Return value of property 'System.Strin"
    + "g SimpleClass::GetterReturnValueChecksWithBranchToRetInstruction()' is "
    + "null."
    IL_0036:  newobj     instance void [mscorlib]System.InvalidOperationException::.ctor(string)
    IL_003b:  throw
    IL_003c:  ret
  } 
  .method public hidebysig instance void 
          OutValueChecksWithRetInstructionAsSwitchCase(int32 i,
                                                       [out] string& outParam) cil managed
  {
    // Code size       215 (0xd7)
    .maxstack  2
    IL_0000:  ldarg.2
    IL_0001:  ldnull
    IL_0002:  stind.ref
    IL_0003:  ldarg.1
    IL_0004:  switch     ( 
                          IL_003b,
                          IL_005d,
                          IL_0089,
                          IL_00ab)
    IL_0019:  ldarg.2
    IL_001a:  ldind.ref
    IL_001b:  ldnull
    IL_001c:  ceq
    IL_001e:  ldc.i4.0
    IL_001f:  ceq
    IL_0021:  ldstr      "[NullGuard] Out parameter 'outParam' is null."
    IL_0026:  call       void [System]System.Diagnostics.Debug::Assert(bool,
                                                                       string)
    IL_002b:  ldarg.2
    IL_002c:  ldind.ref
    IL_002d:  brtrue.s   IL_003a
    IL_002f:  ldstr      "[NullGuard] Out parameter 'outParam' is null."
    IL_0034:  newobj     instance void [mscorlib]System.InvalidOperationException::.ctor(string)
    IL_0039:  throw
    IL_003a:  ret
    IL_003b:  ldarg.2
    IL_003c:  ldind.ref
    IL_003d:  ldnull
    IL_003e:  ceq
    IL_0040:  ldc.i4.0
    IL_0041:  ceq
    IL_0043:  ldstr      "[NullGuard] Out parameter 'outParam' is null."
    IL_0048:  call       void [System]System.Diagnostics.Debug::Assert(bool,
                                                                       string)
    IL_004d:  ldarg.2
    IL_004e:  ldind.ref
    IL_004f:  brtrue.s   IL_005c
    IL_0051:  ldstr      "[NullGuard] Out parameter 'outParam' is null."
    IL_0056:  newobj     instance void [mscorlib]System.InvalidOperationException::.ctor(string)
    IL_005b:  throw
    IL_005c:  ret
    IL_005d:  ldstr      "1"
    IL_0062:  call       void [mscorlib]System.Console::WriteLine(string)
    IL_0067:  ldarg.2
    IL_0068:  ldind.ref
    IL_0069:  ldnull
    IL_006a:  ceq
    IL_006c:  ldc.i4.0
    IL_006d:  ceq
    IL_006f:  ldstr      "[NullGuard] Out parameter 'outParam' is null."
    IL_0074:  call       void [System]System.Diagnostics.Debug::Assert(bool,
                                                                       string)
    IL_0079:  ldarg.2
    IL_007a:  ldind.ref
    IL_007b:  brtrue.s   IL_0088
    IL_007d:  ldstr      "[NullGuard] Out parameter 'outParam' is null."
    IL_0082:  newobj     instance void [mscorlib]System.InvalidOperationException::.ctor(string)
    IL_0087:  throw
    IL_0088:  ret
    IL_0089:  ldarg.2
    IL_008a:  ldind.ref
    IL_008b:  ldnull
    IL_008c:  ceq
    IL_008e:  ldc.i4.0
    IL_008f:  ceq
    IL_0091:  ldstr      "[NullGuard] Out parameter 'outParam' is null."
    IL_0096:  call       void [System]System.Diagnostics.Debug::Assert(bool,
                                                                       string)
    IL_009b:  ldarg.2
    IL_009c:  ldind.ref
    IL_009d:  brtrue.s   IL_00aa
    IL_009f:  ldstr      "[NullGuard] Out parameter 'outParam' is null."
    IL_00a4:  newobj     instance void [mscorlib]System.InvalidOperationException::.ctor(string)
    IL_00a9:  throw
    IL_00aa:  ret
    IL_00ab:  ldstr      "3"
    IL_00b0:  call       void [mscorlib]System.Console::WriteLine(string)
    IL_00b5:  ldarg.2
    IL_00b6:  ldind.ref
    IL_00b7:  ldnull
    IL_00b8:  ceq
    IL_00ba:  ldc.i4.0
    IL_00bb:  ceq
    IL_00bd:  ldstr      "[NullGuard] Out parameter 'outParam' is null."
    IL_00c2:  call       void [System]System.Diagnostics.Debug::Assert(bool,
                                                                       string)
    IL_00c7:  ldarg.2
    IL_00c8:  ldind.ref
    IL_00c9:  brtrue.s   IL_00d6
    IL_00cb:  ldstr      "[NullGuard] Out parameter 'outParam' is null."
    IL_00d0:  newobj     instance void [mscorlib]System.InvalidOperationException::.ctor(string)
    IL_00d5:  throw
    IL_00d6:  ret
  } 
  .property instance string NonNullProperty()
  {
  } 
  .property instance string NullProperty()
  {
  } 
  .property instance string PropertyAllowsNullGetButDoesNotAllowNullSet()
  {
  } 
  .property instance string PropertyAllowsNullSetButDoesNotAllowNullGet()
  {
  } 
  .property instance valuetype [mscorlib]System.Nullable`1<int32>
          NonNullNullableProperty()
  {
  } 
  .property instance string GetterReturnValueChecksWithBranchToRetInstruction()
  {
  } 
}
