[
  'Mode=Explicit, ValidationFlags=AllPublic',
  '\tRemoving reference to \'NullGuard.dll\'.'
]