[
  "Method 'System.Void ClassWithBadAttributes::MethodWithNoNullCheckOnParam(System.String)' is abstract but has a [AllowNullAttribute]. Remove this attribute.",
  "Method 'System.Void ClassWithBadAttributes::set_PropertyWithNoNullCheckOnSet(System.String)' is abstract but has a [AllowNullAttribute]. Remove this attribute.",
  "Method 'System.Void InterfaceBadAttributes::set_PropertyWithNoNullCheckOnSet(System.String)' is abstract but has a [AllowNullAttribute]. Remove this attribute."
]